ï¿½'jÕ±Ñ¥ï¿½ï¿½É•ï¿½bootloader[0m
[0ï¿½ets Jul 29 2019 12:21:46

rst:0x1 (POWERON_RESET),boot:0x13 (SPI_FAST_FLASH_BOOT)
configsip: 0, SPIWP:0xee
clk_drv:0x00,q_drv:0x00,d_drv:0x00,cs0_drv:0x00,hd_drv:0x00,wp_drv:0x00
mode:DIO, clock div:2
load:0x3fff0030,len:7116
ho 0 tail 12 room 4
load:0x40078000,len:15624
ho 0 tail 12 room 4
load:0x40080400,len:4
load:0x40080404,len:3876
entry 0x4008064c
[0;32mI (33) boot: ESP-IDF v5.1.5-dirty 2nd stage bootloader[0m
[0;32mI (33) boot: compile time Feb 26 2025 23:29:01[0m
[0;32mI (33) boot: Multicore bootloader[0m
[0;32mI (38) boot: chip revision: v3.1[0m
[0;32mI (42) boot.esp32: SPI Speed      : 40MHz[0m
[0;32mI (46) boot.esp32: SPI Mode       : DIO[0m
[0;32mI (51) boot.esp32: SPI Flash Size : 2MB[0m
[0;32mI (55) boot: Enabling RNG early entropy source...[0m
[0;32mI (61) boot: Partition Table:[0m
[0;32mI (64) boot: ## Label            Usage          Type ST Offset   Length[0m
[0;32mI (72) boot:  0 nvs              WiFi data        01 02 00009000 00006000[0m
[0;32mI (79) boot:  1 phy_init         RF data          01 01 0000f000 00001000[0m
[0;32mI (86) boot:  2 factory          factory app      00 00 00010000 00100000[0m
[0;32mI (94) boot: End of partition table[0m
[0;32mI (98) esp_image: segment 0: paddr=00010020 vaddr=3f400020 size=0da7ch ( 55932) map[0m
[0;32mI (127) esp_image: segment 1: paddr=0001daa4 vaddr=3ff80063 size=00008h (     8) load[0m
[0;32mI (127) esp_image: segment 2: paddr=0001dab4 vaddr=3ffb0000 size=02230h (  8752) load[0m
[0;32mI (136) esp_image: segment 3: paddr=0001fcec vaddr=40080000 size=0032ch (   812) load[0m
[0;32mI (142) esp_image: segment 4: paddr=00020020 vaddr=400d0020 size=22f34h (143156) map[0m
[0;32mI (201) esp_image: segment 5: paddr=00042f5c vaddr=4008032c size=0e61ch ( 58908) load[0m
[0;32mI (226) esp_image: segment 6: paddr=00051580 vaddr=400c0000 size=00064h (   100) load[0m
[0;32mI (226) esp_image: segment 7: paddr=000515ec vaddr=50000000 size=0000ch (    12) load[0m
[0;32mI (239) boot: Loaded app from partition at offset 0x10000[0m
[0;32mI (239) boot: Disabling RNG early entropy source...[0m
[0;32mI (255) cpu_start: Multicore app[0m
[0;32mI (256) cpu_start: Pro cpu up.[0m
[0;32mI (256) cpu_start: Starting app cpu, entry point is 0x400813ac[0m
[0;32mI (0) cpu_start: App cpu up.[0m
[0;32mI (273) cpu_start: Pro cpu start user code[0m
[0;32mI (273) cpu_start: cpu freq: 160000000 Hz[0m
[0;32mI (273) cpu_start: Application information:[0m
[0;32mI (278) cpu_start: Project name:     GPS_Tracker[0m
[0;32mI (283) cpu_start: App version:      1[0m
[0;32mI (287) cpu_start: Compile time:     Feb 26 2025 23:28:57[0m
[0;32mI (293) cpu_start: ELF file SHA256:  059f2fbb79fd2c76...[0m
[0;32mI (299) cpu_start: ESP-IDF:          v5.1.5-dirty[0m
[0;32mI (305) cpu_start: Min chip rev:     v0.0[0m
[0;32mI (310) cpu_start: Max chip rev:     v3.99 [0m
[0;32mI (314) cpu_start: Chip rev:         v3.1[0m
[0;32mI (319) heap_init: Initializing. RAM available for dynamic allocation:[0m
[0;32mI (326) heap_init: At 3FFAE6E0 len 00001920 (6 KiB): DRAM[0m
[0;32mI (332) heap_init: At 3FFB2CB8 len 0002D348 (180 KiB): DRAM[0m
[0;32mI (339) heap_init: At 3FFE0440 len 00003AE0 (14 KiB): D/IRAM[0m
[0;32mI (345) heap_init: At 3FFE4350 len 0001BCB0 (111 KiB): D/IRAM[0m
[0;32mI (351) heap_init: At 4008E948 len 000116B8 (69 KiB): IRAM[0m
[0;32mI (359) spi_flash: detected chip: generic[0m
[0;32mI (362) spi_flash: flash io: dio[0m
[0;33mW (366) spi_flash: Detected size(4096k) larger than the size in the binary image header(2048k). Using the size in the binary image header.[0m
[0;33mW (379) timer_group: legacy driver is deprecated, please migrate to `driver/gptimer.h`[0m
[0;33mW (388) ADC: legacy driver is deprecated, please migrate to `esp_adc/adc_oneshot.h`[0m
[0;32mI (397) app_start: Starting scheduler on CPU0[0m
[0;32mI (401) app_start: Starting scheduler on CPU1[0m
[0;32mI (401) main_task: Started on CPU0[0m
[0;32mI (411) main_task: Calling app_main()[0m
[0;32mI (414) gpio: GPIO[13]| InputEn: 0| OutputEn: 0| OpenDrain: 0| Pullup: 1| Pulldown: 0| Intr:0 [0m
[0;32mI (424) gpio: GPIO[12]| InputEn: 0| OutputEn: 0| OpenDrain: 0| Pullup: 1| Pulldown: 0| Intr:0 [0m
[0;32mI (433) gpio: GPIO[32]| InputEn: 0| OutputEn: 0| OpenDrain: 0| Pullup: 1| Pulldown: 0| Intr:0 [0m
[0;32mI (442) gpio: GPIO[18]| InputEn: 0| OutputEn: 0| OpenDrain: 0| Pullup: 1| Pulldown: 0| Intr:0 [0m
[0;32mI (452) example: I2C initialized successfully[0m
[0;32mI (456) gpio: GPIO[2]| InputEn: 1| OutputEn: 0| OpenDrain: 0| Pullup: 1| Pulldown: 0| Intr:2 [0m
Enabling EXT1 wakeup on pins GPIO2, GPIO4
[0;32mI (469) SIM_A7680C: === MQTT CONNECT START ===[0m
[0;32mI (474) SIM_A7680C: Attempt 1 to connect MQTT[0m
[0;32mI (479) SIM_A7680C: Begin send AT command: AT+CMQTTREL=0
[0m
[0;32mI (1486) SIM_A7680C: Begin read_uart_response[0m
[0;32mI (11503) SIM_A7680C: Total Response: 
[0m
[0;32mI (11503) SIM_A7680C: -------------------------------------
[0m
[0;32mI (11503) SIM_A7680C: Begin send AT command: AT+CMQTTREL=0
[0m
[0;32mI (12509) SIM_A7680C: Begin read_uart_response[0m
