ï¿½ï¿½ Multicore bootloader[0m
[ï¿½ets Jul 29 2019 12:21:46

rst:0x1 (POWERON_RESET),boot:0x13 (SPI_FAST_FLASH_BOOT)
configsip: 0, SPIWP:0xee
clk_drv:0x00,q_drv:0x00,d_drv:0x00,cs0_drv:0x00,hd_drv:0x00,wp_drv:0x00
mode:DIO, clock div:2
load:0x3fff0030,len:7116
ho 0 tail 12 room 4
load:0x40078000,len:15624
ho 0 tail 12 room 4
load:0x40080400,len:4
load:0x40080404,len:3876
entry 0x4008064c
[0;32mI (33) boot: ESP-IDF v5.1.5-dirty 2nd stage bootloader[0m
[0;32mI (33) boot: compile time Feb 28 2025 22:46:47[0m
[0;32mI (33) boot: Multicore bootloader[0m
[0;32mI (38) boot: chip revision: v3.1[0m
[0;32mI (42) boot.esp32: SPI Speed      : 40MHz[0m
[0;32mI (46) boot.esp32: SPI Mode       : DIO[0m
[0;32mI (51) boot.esp32: SPI Flash Size : 2MB[0m
[0;32mI (55) boot: Enabling RNG early entropy source...[0m
[0;32mI (61) boot: Partition Table:[0m
[0;32mI (64) boot: ## Label            Usage          Type ST Offset   Length[0m
[0;32mI (72) boot:  0 nvs              WiFi data        01 02 00009000 00006000[0m
[0;32mI (79) boot:  1 phy_init         RF data          01 01 0000f000 00001000[0m
[0;32mI (86) boot:  2 factory          factory app      00 00 00010000 00100000[0m
[0;32mI (94) boot: End of partition table[0m
[0;32mI (98) esp_image: segment 0: paddr=00010020 vaddr=3f400020 size=0a840h ( 43072) map[0m
[0;32mI (122) esp_image: segment 1: paddr=0001a868 vaddr=3ff80063 size=00008h (     8) load[0m
[0;32mI (122) esp_image: segment 2: paddr=0001a878 vaddr=3ffb0000 size=01f6ch (  8044) load[0m
[0;32mI (131) esp_image: segment 3: paddr=0001c7ec vaddr=40080000 size=0382ch ( 14380) load[0m
[0;32mI (143) esp_image: segment 4: paddr=00020020 vaddr=400d0020 size=25ba8h (154536) map[0m
[0;32mI (201) esp_image: segment 5: paddr=00045bd0 vaddr=4008382c size=0b0a4h ( 45220) load[0m
[0;32mI (220) esp_image: segment 6: paddr=00050c7c vaddr=400c0000 size=00064h (   100) load[0m
[0;32mI (220) esp_image: segment 7: paddr=00050ce8 vaddr=50000000 size=0000ch (    12) load[0m
[0;32mI (233) boot: Loaded app from partition at offset 0x10000[0m
[0;32mI (233) boot: Disabling RNG early entropy source...[0m
Enabling EXT1 wakeup on pins GPIO2, GPIO4
