) boot: Multicore booï¿½ets Jul 29 2019 12:21:46

rst:0x1 (POWERON_RESET),boot:0x13 (SPI_FAST_FLASH_BOOT)
configsip: 0, SPIWP:0xee
clk_drv:0x00,q_drv:0x00,d_drv:0x00,cs0_drv:0x00,hd_drv:0x00,wp_drv:0x00
mode:DIO, clock div:2
load:0x3fff0030,len:7116
ho 0 tail 12 room 4
load:0x40078000,len:15624
ho 0 tail 12 room 4
load:0x40080400,len:4
load:0x40080404,len:3876
entry 0x4008064c
[0;32mI (33) boot: ESP-IDF v5.1.5-dirty 2nd stage bootloader[0m
[0;32mI (33) boot: compile time Mar 14 2025 07:54:21[0m
[0;32mI (33) boot: Multicore bootloader[0m
[0;32mI (38) boot: chip revision: v3.1[0m
[0;32mI (42) boot.esp32: SPI Speed      : 40MHz[0m
[0;32mI (46) boot.esp32: SPI Mode       : DIO[0m
[0;32mI (51) boot.esp32: SPI Flash Size : 2MB[0m
[0;32mI (55) boot: Enabling RNG early entropy source...[0m
[0;32mI (61) boot: Partition Table:[0m
[0;32mI (64) boot: ## Label            Usage          Type ST Offset   Length[0m
[0;32mI (72) boot:  0 nvs              WiFi data        01 02 00009000 00006000[0m
[0;32mI (79) boot:  1 phy_init         RF data          01 01 0000f000 00001000[0m
[0;32mI (86) boot:  2 factory          factory app      00 00 00010000 00100000[0m
[0;32mI (94) boot: End of partition table[0m
[0;32mI (98) esp_image: segment 0: paddr=00010020 vaddr=3f400020 size=1eb80h (125824) map[0m
[0;32mI (152) esp_image: segment 1: paddr=0002eba8 vaddr=3ff80063 size=00008h (     8) load[0m
[0;32mI (152) esp_image: segment 2: paddr=0002ebb8 vaddr=3ffbdb60 size=01460h (  5216) load[0m
[0;32mI (160) esp_image: segment 3: paddr=00030020 vaddr=400d0020 size=83560h (537952) map[0m
[0;32mI (361) esp_image: segment 4: paddr=000b3588 vaddr=3ffbefc0 size=03324h ( 13092) load[0m
[0;32mI (366) esp_image: segment 5: paddr=000b68b4 vaddr=40080000 size=18e84h (102020) load[0m
[0;32mI (409) esp_image: segment 6: paddr=000cf740 vaddr=400c0000 size=00064h (   100) load[0m
[0;32mI (409) esp_image: segment 7: paddr=000cf7ac vaddr=50000000 size=00024h (    36) load[0m
[0;32mI (427) boot: Loaded app from partition at offset 0x10000[0m
[0;32mI (427) boot: Disabling RNG early entropy source...[0m
