boot: Multicore bootï¿½ets Jul 29 2019 12:21:46

rst:0x1 (POWERON_RESET),boot:0x17 (SPI_FAST_FLASH_BOOT)
configsip: 0, SPIWP:0xee
clk_drv:0x00,q_drv:0x00,d_drv:0x00,cs0_drv:0x00,hd_drv:0x00,wp_drv:0x00
mode:DIO, clock div:2
load:0x3fff0030,len:7116
ho 0 tail 12 room 4
load:0x40078000,len:15624
ho 0 tail 12 room 4
load:0x40080400,len:4
load:0x40080404,len:3876
entry 0x4008064c
[0;32mI (33) boot: ESP-IDF v5.1.5-dirty 2nd stage bootloader[0m
[0;32mI (33) boot: compile time Feb 27 2025 23:12:18[0m
[0;32mI (33) boot: Multicore bootloader[0m
[0;32mI (38) boot: chip revision: v3.1[0m
[0;32mI (42) boot.esp32: SPI Speed      : 40MHz[0m
[0;32mI (46) boot.esp32: SPI Mode       : DIO[0m
[0;32mI (51) boot.esp32: SPI Flash Size : 2MB[0m
[0;32mI (55) boot: Enabling RNG early entropy source...[0m
[0;32mI (61) boot: Partition Table:[0m
[0;32mI (64) boot: ## Label            Usage          Type ST Offset   Length[0m
[0;32mI (72) boot:  0 nvs              WiFi data        01 02 00009000 00006000[0m
[0;32mI (79) boot:  1 phy_init         RF data          01 01 0000f000 00001000[0m
[0;32mI (86) boot:  2 factory          factory app      00 00 00010000 00100000[0m
[0;32mI (94) boot: End of partition table[0m
[0;32mI (98) esp_image: segment 0: paddr=00010020 vaddr=3f400020 size=0a7f8h ( 43000) map[0m
[0;32mI (122) esp_image: segment 1: paddr=0001a820 vaddr=3ff80063 size=00008h (     8) load[0m
[0;32mI (122) esp_image: segment 2: paddr=0001a830 vaddr=3ffb0000 size=01f6ch (  8044) load[0m
[0;32mI (131) esp_image: segment 3: paddr=0001c7a4 vaddr=40080000 size=03874h ( 14452) load[0m
[0;32mI (143) esp_image: segment 4: paddr=00020020 vaddr=400d0020 size=25c4ch (154700) map[0m
[0;32mI (201) esp_image: segment 5: paddr=00045c74 vaddr=40083874 size=0acd8h ( 44248) load[0m
[0;32mI (219) esp_image: segment 6: paddr=00050954 vaddr=400c0000 size=00064h (   100) load[0m
[0;32mI (220) esp_image: segment 7: paddr=000509c0 vaddr=50000000 size=0000ch (    12) load[0m
[0;32mI (232) boot: Loaded app from partition at offset 0x10000[0m
[0;32mI (233) boot: Disabling RNG early entropy source...[0m
Enabling EXT1 wakeup on pins GPIO2, GPIO4
AT+CMQTTDISC=0,60
AT+CMQTTREL=0
AT+CMQTTSTOP
AT+CMQTTSTART
AT+CMQTTACCQ=0,"ESP32",0
AT+CMQTTCONNECT=0,"tcp://20.41.104.186:1883",60,1
AT+CMQTTDISC=0,60
AT+CMQTTREL=0
AT+CMQTTSTOP
AT+CMQTTSTART
AT+CMQTTACCQ=0,"ESP32",0
AT+CMQTTCONNECT=0,"tcp://20.41.104.186:1883",60,1
ets Jul 29 2019 12:21:46

rst:0x3 (SW_RESET),boot:0x17 (SPI_FAST_FLASH_BOOT)
configsip: 0, SPIWP:0xee
clk_drv:0x00,q_drv:0x00,d_drv:0x00,cs0_drv:0x00,hd_drv:0x00,wp_drv:0x00
mode:DIO, clock div:2
load:0x3fff0030,len:7116
ho 0 tail 12 room 4
load:0x40078000,len:15624
ho 0 tail 12 room 4
load:0x40080400,len:4
load:0x40080404,len:3876
entry 0x4008064c
[0;32mI (64) boot: ESP-IDF v5.1.5-dirty 2nd stage bootloader[0m
[0;32mI (64) boot: compile time Feb 27 2025 23:12:18[0m
[0;32mI (64) boot: Multicore bootloader[0m
[0;32mI (69) boot: chip revision: v3.1[0m
[0;32mI (73) boot.esp32: SPI Speed      : 40MHz[0m
[0;32mI (78) boot.esp32: SPI Mode       : DIO[0m
[0;32mI (82) boot.esp32: SPI Flash Size : 2MB[0m
[0;32mI (87) boot: Enabling RNG early entropy source...[0m
[0;32mI (92) boot: Partition Table:[0m
[0;32mI (96) boot: ## Label            Usage          Type ST Offset   Length[0m
[0;32mI (103) boot:  0 nvs              WiFi data        01 02 00009000 00006000[0m
[0;32mI (111) boot:  1 phy_init         RF data          01 01 0000f000 00001000[0m
[0;32mI (118) boot:  2 factory          factory app      00 00 00010000 00100000[0m
[0;32mI (126) boot: End of partition table[0m
[0;32mI (130) esp_image: segment 0: paddr=00010020 vaddr=3f400020 size=0a7f8h ( 43000) map[0m
[0;32mI (154) esp_image: segment 1: paddr=0001a820 vaddr=3ff80063 size=00008h (     8) load[0m
[0;32mI (155) esp_image: segment 2: paddr=0001a830 vaddr=3ffb0000 size=01f6ch (  8044) load[0m
[0;32mI (163) esp_image: segment 3: paddr=0001c7a4 vaddr=40080000 size=03874h ( 14452) load[0m
[0;32mI (175) esp_image: segment 4: paddr=00020020 vaddr=400d0020 size=25c4ch (154700) map[0m
[0;32mI (233) esp_image: segment 5: paddr=00045c74 vaddr=40083874 size=0acd8h ( 44248) load[0m
[0;32mI (251) esp_image: segment 6: paddr=00050954 vaddr=400c0000 size=00064h (   100) load[0m
[0;32mI (252) esp_image: segment 7: paddr=000509c0 vaddr=50000000 size=0000ch (    12) load[0m
[0;32mI (265) boot: Loaded app from partition at offset 0x10000[0m
[0;32mI (265) boot: Disabling RNG early entropy source...[0m
e33) boot: Multicore bootloader[0m
[0;32mI (38) boot: chip revision: v3.1[0m
[0;32mI (42) boot.esp32: SPI Speed      : 40MHz[0m
[0;32mI (46) boot.esp32: SPI Mode       : DIO[0m
[0;32mI (51) boot.esp32: SPI Flash Size : 2MB[0m
[0;32mI (55) boot: Enabling RNG early entropy source...[0m
[0;32mI (61) boot: Partition Table:[0m
[0;32mI (64) boot: ## Label            Usage          Type ST Offset   Length[0m
[0;32mI (72) boot:  0 nvs              WiFi data        01 02 00009000 00006000[0m
[0;32mI (79) boot:  1 phy_init         RF data          01 01 0000f000 00001000[0m
[0;32mI (86) boot:  2 factory          factory app      00 00 00010000 00100000[0m
[0;32mI (94) boot: End of partition table[0m
[0;32mI (98) esp_image: segment 0: paddr=00010020 vaddr=3f400020 size=0a7f8h ( 43000) map[0m
[0;32mI (122) esp_image: segment 1: paddr=0001a820 vaddr=3ff80063 size=00008h (     8) load[0m
[0;32mI (122) esp_image: segment 2: paddr=0001a830 vaddr=3ffb0000 size=01f6ch (  8044) load[0m
[0;32mI (131) esp_image: segment 3: paddr=0001c7a4 vaddr=40080000 size=03874h ( 14452) load[0m
[0;32mI (143) esp_image: segment 4: paddr=00020020 vaddr=400d0020 size=25c4ch (154700) map[0m
[0;32mI (201) esp_image: segment 5: paddr=00045c74 vaddr=40083874 size=0acd8h ( 44248) load[0m
[0;32mI (219) esp_image: segment 6: paddr=00050954 vaddr=400c0000 size=00064h (   100) load[0m
[0;32mI (220) esp_image: segment 7: paddr=000509c0 vaddr=50000000 size=0000ch (    12) load[0m
[0;32mI (232) boot: Loaded app from partition at offset 0x10000[0m
[0;32mI (233) boot: Disabling RNG early entropy source...[0m
Kï¿½ï¿½bootloader[0m
[0;32mI (38) boot: chip revision: v3.1[0m
[0;32mI (42) boot.esp32: SPI Speed      : 40MHz[0m
[0;32mI (46) boot.esp32: SPI Mode       : DIO[0m
[0;32mI (51) boot.esp32: SPI Flash Size : 2MB[0m
[0;32mI (55) boot: Enabling RNG early entropy source...[0m
[0;32mI (61) boot: Partition Table:[0m
[0;32mI (64) boot: ## Label            Usage          Type ST Offset   Length[0m
[0;32mI (72) boot:  0 nvs              WiFi data        01 02 00009000 00006000[0m
[0;32mI (79) boot:  1 phy_init         RF data          01 01 0000f000 00001000[0m
[0;32mI (86) boot:  2 factory          factory app      00 00 00010000 00100000[0m
[0;32mI (94) boot: End of partition table[0m
[0;32mI (98) esp_image: segment 0: paddr=00010020 vaddr=3f400020 size=0a7f8h ( 43000) map[0m
[0;32mI (122) esp_image: segment 1: paddr=0001a820 vaddr=3ff80063 size=00008h (     8) load[0m
[0;32mI (122) esp_image: segment 2: paddr=0001a830 vaddr=3ffb0000 size=01f6ch (  8044) load[0m
[0;32mI (131) esp_image: segment 3: paddr=0001c7a4 vaddr=40080000 size=03874h ( 14452) load[0m
[0;32mI (143) esp_image: segment 4: paddr=00020020 vaddr=400d0020 size=25c4ch (154700) map[0m
[0;32mI (201) esp_image: segment 5: paddr=00045c74 vaddr=40083874 size=0acd8h ( 44248) load[0m
[0;32mI (219) esp_image: segment 6: paddr=00050954 vaddr=400c0000 size=00064h (   100) load[0m
[0;32mI (220) esp_image: segment 7: paddr=000509c0 vaddr=50000000 size=0000ch (    12) load[0m
[0;32mI (232) boot: Loaded app from partition at offset 0x10000[0m
[0;32mI (233) boot: Disabling RNG early entropy source...[0m
Enabling EXT1 wakeup on pins GPIO2, GPIO4
AT+CMQTTDISC=0,60
AT+CMQTTREL=0
AT+CMQTTSTOP
AT+CMQTTSTART
AT+CMQTTACCQ=0,"ESP32",0
AT+CMQTTCONNECT=0,"tcp://20.41.104.186:1883",60,1
AT+CMQTTDISC=0,60
AT+CMQTTREL=0
AT+CMQTTSTOP
AT+CMQTTSTART
AT+CMQTTACCQ=0,"ESP32",0
AT+CMQTTCONNECT=0,"tcp://20.41.104.186:1883",60,1
AT+CMQTTDISC=0,60
AT+CMQTTREL=0
AT+CMQTTSTOP
AT+CMQTTSTART
AT+CMQTTACCQ=0,"ESP32",0
AT+CMQTTCONNECT=0,"tcp://20.41.104.186:1883",60,1
AT+CMQTTDISC=0,60
AT+CMQTTREL=0
AT+CMQTTSTOP
AT+CMQTTSTART
AT+CMQTTACCQ=0,"ESP32",0
AT+CMQTTCONNECT=0,"tcp://20.41.104.186:1883",60,1
AT+CMQTTDISC=0,60
AT+CMQTTREL=0
AT+CMQTTSTOP
AT+CMQTTSTART
AT+CMQTTACCQ=0,"ESP32",0
AT+CMQTTCONNECT=0,"tcp://20.41.104.186:1883",60,1
AT+CMQTTDISC=0,60
AT+CMQTTREL=0
AT+CMQTTSTOP
AT+CMQTTSTART
AT+CMQTTACCQ=0,"ESP32",0
AT+CMQTTCONNECT=0,"tcp://20.41.104.186:1883",60,1
AT+CMQTTDISC=0,60
AT+CMQTTREL=0
AT+CMQTTSTOP
AT+CMQTTSTART
AT+CMQTTACCQ=0,"ESP32",0
AT+CMQTTCONNECT=0,"tcp://20.41.104.186:1883",60,1
AT+CMQTTDISC=0,60
AT+CMQTTREL=0
AT+CMQTTSTOP
AT+CMQTTSTART
AT+CMQTTACCQ=0,"ESP32",0
AT+CMQTTCONNECT=0,"tcp://20.41.104.186:1883",60,1
AT+CMQTTDISC=0,60
AT+CMQTTREL=0
AT+CMQTTSTOP
AT+CMQTTSTART
AT+CMQTTACCQ=0,"ESP32",0
AT+CMQTTCONNECT=0,"tcp://20.41.104.186:1883",60,1
