ÔøΩiÔøΩJÔøΩÔøΩÔøΩÔøΩ Multicore booÔøΩets Jul 29 2019 12:21:46

rst:0x1 (POWERON_RESET),boot:0x13 (SPI_FAST_FLASH_BOOT)
configsip: 0, SPIWP:0xee
clk_drv:0x00,q_drv:0x00,d_drv:0x00,cs0_drv:0x00,hd_drv:0x00,wp_drv:0x00
mode:DIO, clock div:2
load:0x3fff0030,len:7116
ho 0 tail 12 room 4
load:0x40078000,len:15624
ho 0 tail 12 room 4
load:0x40080400,len:4
load:0x40080404,len:3876
entry 0x4008064c
[0;32mI (33) boot: ESP-IDF v5.1.5-dirty 2nd stage bootloader[0m
[0;32mI (33) boot: compile time Mar 14 2025 21:49:54[0m
[0;32mI (33) boot: Multicore bootloader[0m
[0;32mI (38) boot: chip revision: v3.1[0m
[0;32mI (42) boot.esp32: SPI Speed      : 40MHz[0m
[0;32mI (46) boot.esp32: SPI Mode       : DIO[0m
[0;32mI (51) boot.esp32: SPI Flash Size : 2MB[0m
[0;32mI (55) boot: Enabling RNG early entropy source...[0m
[0;32mI (61) boot: Partition Table:[0m
[0;32mI (64) boot: ## Label            Usage          Type ST Offset   Length[0m
[0;32mI (72) boot:  0 nvs              WiFi data        01 02 00009000 00006000[0m
[0;32mI (79) boot:  1 phy_init         RF data          01 01 0000f000 00001000[0m
[0;32mI (86) boot:  2 factory          factory app      00 00 00010000 00100000[0m
[0;32mI (94) boot: End of partition table[0m
[0;32mI (98) esp_image: segment 0: paddr=00010020 vaddr=3f400020 size=24534h (148788) map[0m
[0;32mI (160) esp_image: segment 1: paddr=0003455c vaddr=3ff80063 size=00008h (     8) load[0m
[0;32mI (161) esp_image: segment 2: paddr=0003456c vaddr=3ffbdb60 size=04b10h ( 19216) load[0m
[0;32mI (174) esp_image: segment 3: paddr=00039084 vaddr=40080000 size=06f94h ( 28564) load[0m
[0;32mI (187) esp_image: segment 4: paddr=00040020 vaddr=400d0020 size=87a28h (555560) map[0m
[0;32mI (387) esp_image: segment 5: paddr=000c7a50 vaddr=40086f94 size=1229ch ( 74396) load[0m
[0;32mI (418) esp_image: segment 6: paddr=000d9cf4 vaddr=400c0000 size=00064h (   100) load[0m
[0;32mI (419) esp_image: segment 7: paddr=000d9d60 vaddr=50000000 size=00024h (    36) load[0m
[0;32mI (437) boot: Loaded app from partition at offset 0x10000[0m
[0;32mI (437) boot: Disabling RNG early entropy source...[0m
[0;32mI (449) cpu_start: Multicore app[0m
[0;32mI (450) cpu_start: Pro cpu up.[0m
[0;32mI (450) cpu_start: Starting app cpu, entry point is 0x400816a0[0m
[0;32mI (0) cpu_start: App cpu up.[0m
[0;32mI (468) cpu_start: Pro cpu start user code[0m
[0;32mI (468) cpu_start: cpu freq: 160000000 Hz[0m
[0;32mI (468) cpu_start: Application information:[0m
[0;32mI (472) cpu_start: Project name:     GPS_Tracker[0m
[0;32mI (478) cpu_start: App version:      1[0m
[0;32mI (482) cpu_start: Compile time:     Mar 14 2025 21:49:43[0m
[0;32mI (488) cpu_start: ELF file SHA256:  fc4628425b52273b...[0m
[0;32mI (494) cpu_start: ESP-IDF:          v5.1.5-dirty[0m
[0;32mI (500) cpu_start: Min chip rev:     v0.0[0m
[0;32mI (504) cpu_start: Max chip rev:     v3.99 [0m
[0;32mI (509) cpu_start: Chip rev:         v3.1[0m
[0;32mI (514) heap_init: Initializing. RAM available for dynamic allocation:[0m
[0;32mI (521) heap_init: At 3FFAFF10 len 000000F0 (0 KiB): DRAM[0m
[0;32mI (527) heap_init: At 3FFB6388 len 00001C78 (7 KiB): DRAM[0m
[0;32mI (533) heap_init: At 3FFB9A20 len 00004108 (16 KiB): DRAM[0m
[0;32mI (539) heap_init: At 3FFC7518 len 00018AE8 (98 KiB): DRAM[0m
[0;32mI (545) heap_init: At 3FFE0440 len 00003AE0 (14 KiB): D/IRAM[0m
[0;32mI (552) heap_init: At 3FFE4350 len 0001BCB0 (111 KiB): D/IRAM[0m
[0;32mI (558) heap_init: At 40099230 len 00006DD0 (27 KiB): IRAM[0m
[0;32mI (566) spi_flash: detected chip: generic[0m
[0;32mI (569) spi_flash: flash io: dio[0m
[0;33mW (573) spi_flash: Detected size(4096k) larger than the size in the binary image header(2048k). Using the size in the binary image header.[0m
[0;33mW (586) timer_group: legacy driver is deprecated, please migrate to `driver/gptimer.h`[0m
[0;32mI (595) coexist: coex firmware version: 27d8387[0m
[0;32mI (601) app_start: Starting scheduler on CPU0[0m
[0;32m[0;32mI (605) app_start: Starting scheduler on CPU1[0m
[0;32mI (605) main_task: Started on CPU0[0m[0m
[0;32mI (615) main_task: Calling app_main()[0m
[0;32mI (618) gpio: GPIO[13]| InputEn: 0| OutputEn: 0| OpenDrain: 0| Pullup: 1| Pulldown: 0| Intr:0 [0m
[0;32mI (628) gpio: GPIO[12]| InputEn: 0| OutputEn: 0| OpenDrain: 0| Pullup: 1| Pulldown: 0| Intr:0 [0m
[0;32mI (637) gpio: GPIO[32]| InputEn: 0| OutputEn: 0| OpenDrain: 0| Pullup: 1| Pulldown: 0| Intr:0 [0m
[0;32mI (646) gpio: GPIO[18]| InputEn: 0| OutputEn: 0| OpenDrain: 0| Pullup: 1| Pulldown: 0| Intr:0 [0m
[0;32mI (5655) gpio: GPIO[2]| InputEn: 1| OutputEn: 0| OpenDrain: 0| Pullup: 1| Pulldown: 0| Intr:1 [0m
[0;32mI (5657) uart: queue free spaces: 10[0m
[0;32mI (5660) SIM_A7680C: === MQTT CONNECT START ===[0m
[0;32mI (5664) SIM_A7680C: Attempt 1 to connect MQTT[0m
[0;32mI (5669) SIM_A7680C: Begin send AT command: AT+CMQTTDISC=0,60[0m
[0;32mI (5675) SIM_A7680C: Send AT: AT+CMQTTDISC=0,60
[0m
[0;32mI (5989) SIM_A7680C: ‚úÖ Response: OK[0m
[0;32mI (5989) SIM_A7680C: üì© Received Data:
AT+CMQTTDISC=0,60
OK

+CMQTTDISC: 0,0
[0m
[0;32mI (6681) SIM_A7680C: Begin read_uart_response[0m
[0;32mI (6681) SIM_A7680C: Begin send AT command: AT+CMQTTREL=0
[0m
[0;32mI (6681) SIM_A7680C: Send AT: AT+CMQTTREL=0
[0m
[0;32mI (6791) SIM_A7680C: ‚úÖ Response: OK[0m
[0;32mI (6791) SIM_A7680C: üì© Received Data:
AT+CMQTTREL=0
OK
[0m
[0;32mI (7686) SIM_A7680C: Begin read_uart_response[0m
[0;32mI (7686) SIM_A7680C: Begin send AT command: AT+CMQTTSTOP
[0m
[0;32mI (7686) SIM_A7680C: Send AT: AT+CMQTTSTOP
[0m
[0;32mI (7798) SIM_A7680C: ‚úÖ Response: OK[0m
[0;32mI (7798) SIM_A7680C: üì© Received Data:
AT+CMQTTSTOP
OK

+CMQTTSTOP: 0
[0m
[0;32mI (8691) SIM_A7680C: Begin read_uart_response[0m
[0;32mI (8691) SIM_A7680C: Begin send AT command: AT+CMQTTSTART
[0m
[0;32mI (8691) SIM_A7680C: Send AT: AT+CMQTTSTART
[0m
[0;32mI (8914) SIM_A7680C: ‚úÖ Response: OK[0m
[0;32mI (8914) SIM_A7680C: üì© Received Data:
AT+CMQTTSTART
OK

+CMQTTSTART: 0
[0m
[0;32mI (9696) SIM_A7680C: Begin read_uart_response[0m
[0;32mI (9696) SIM_A7680C: Begin send AT command: AT+CMQTTACCQ=0
[0m
[0;32mI (9696) SIM_A7680C: Send AT: AT+CMQTTACCQ=0,"ESP32",0
[0m
[0;32mI (9810) SIM_A7680C: ‚úÖ Response: OK[0m
[0;32mI (9810) SIM_A7680C: üì© Received Data:
AT+CMQTTACCQ=0,"ESP32",0
OK
[0m
[0;32mI (10702) SIM_A7680C: Begin read_uart_response[0m
[0;32mI (10702) SIM_A7680C: Begin send AT command: tcp://20.41.104.186:1883
[0m
[0;32mI (10703) SIM_A7680C: Send AT: AT+CMQTTCONNECT=0,"tcp://20.41.104.186:1883",60,1
[0m
[0;32mI (11045) SIM_A7680C: ‚úÖ Response: OK[0m
[0;32mI (11045) SIM_A7680C: üì© Received Data:
AT+CMQTTCONNECT=0,"tcp://20.41.104.186:1883",60,1
OK

+CMQTTCONNECT: 0,0
[0m
[0;32mI (11711) SIM_A7680C: Begin read_uart_response
[0m
[0;32mI (11711) SIM_A7680C: CONNECTED SUCESSFULLY[0m
[0;32mI (14711) SIM_A7680C: === MQTT CONNECT END ===[0m
[0;32mI (14711) SIM_A7680C: Begin send AT command: AT+CMQTTSUBTOPIC=0,16,1[0m
[0;32mI (14712) SIM_A7680C: Send AT: AT+CMQTTSUBTOPIC=0,16,1
[0m
[0;32mI (15125) SIM_A7680C: üì© Received Data:
AT+CMQTTSUBTOPIC=0,16,1
>[0m
[0;32mI (15718) SIM_A7680C: Begin read_uart_response[0m
[0;32mI (15718) SIM_A7680C: Begin send AT command: GPS/Setting/G001[0m
[0;32mI (15718) SIM_A7680C: Send AT: GPS/Setting/G002
[0m
[0;32mI (15829) SIM_A7680C: ‚úÖ Response: OK[0m
[0;32mI (15829) SIM_A7680C: üì© Received Data:

OK
[0m
[0;32mI (16724) SIM_A7680C: Begin read_uart_response[0m
[0;32mI (16724) SIM_A7680C: Begin send AT command: AT+CMQTTSUB=0[0m
[0;32mI (16724) SIM_A7680C: Send AT: AT+CMQTTSUB=0
[0m
[0;32mI (16834) SIM_A7680C: ‚úÖ Response: OK[0m
[0;32mI (16834) SIM_A7680C: üì© Received Data:
AT+CMQTTSUB=0
OK
[0m
[0;32mI (17729) SIM_A7680C: Begin read_uart_response[0m
[0;32mI (20916) SIM_A7680C: üì© Received Data:

+CMQTTSUB: 0,0

+CMQTTRXSTART: 0,16,193
+CMQTTRXTOPIC: 0,16
GPS/Setting/G002
+CMQTTRXPAYLOAD: 0,193
{"Longitude":106.781809,"Latitude":10.88458,"SafeRadius":100,"CurrentTime":"0001-01-01T00:00:00","AlarmTime":"0001-01-01T21:43:00","BlueTooth":"OFF","Emergency":true,"PhoneNumber":"0888927971"}
+CMQTTRXEND: 0
[0m
[0;32mI (25038) SIM_A7680C: üì© Received Data:
[0m
[0;32mI (29138) SIM_A7680C: üì© Received Data:
[0m
[0;32mI (32230) SIM_A7680C: === MQTT CONNECT START ===[0m
[0;32mI (32230) SIM_A7680C: Attempt 1 to connect MQTT[0m
[0;32mI (32230) SIM_A7680C: Begin send AT command: AT+CMQTTDISC=0,60[0m
[0;32mI (32236) SIM_A7680C: Send AT: AT+CMQTTDISC=0,60
[0m
[0;32mI (32547) SIM_A7680C: ‚úÖ Response: OK[0m
[0;32mI (32547) SIM_A7680C: üì© Received Data:
AT+CMQTTDISC=0,60
OK

+CMQTTDISC: 0,0
[0m
[0;32mI (33242) SIM_A7680C: Begin read_uart_response[0m
[0;32mI (33242) SIM_A7680C: Begin send AT command: AT+CMQTTREL=0
[0m
[0;32mI (33242) SIM_A7680C: Send AT: AT+CMQTTREL=0
[0m
[0;32mI (33353) SIM_A7680C: ‚úÖ Response: OK[0m
[0;32mI (33353) SIM_A7680C: üì© Received Data:
AT+CMQTTREL=0
OK
[0m
[0;32mI (34247) SIM_A7680C: Begin read_uart_response[0m
[0;32mI (34247) SIM_A7680C: Begin send AT command: AT+CMQTTSTOP
[0m
[0;32mI (34247) SIM_A7680C: Send AT: AT+CMQTTSTOP
[0m
[0;32mI (34359) SIM_A7680C: ‚úÖ Response: OK[0m
[0;32mI (34359) SIM_A7680C: üì© Received Data:
AT+CMQTTSTOP
OK

+CMQTTSTOP: 0
[0m
[0;32mI (35252) SIM_A7680C: Begin read_uart_response[0m
[0;32mI (35252) SIM_A7680C: Begin send AT command: AT+CMQTTSTART
[0m
[0;32mI (35252) SIM_A7680C: Send AT: AT+CMQTTSTART
[0m
[0;32mI (35478) SIM_A7680C: ‚úÖ Response: OK[0m
[0;32mI (35478) SIM_A7680C: üì© Received Data:
AT+CMQTTSTART
OK

+CMQTTSTART: 0
[0m
[0;32mI (36257) SIM_A7680C: Begin read_uart_response[0m
[0;32mI (36257) SIM_A7680C: Begin send AT command: AT+CMQTTACCQ=0
[0m
[0;32mI (36257) SIM_A7680C: Send AT: AT+CMQTTACCQ=0,"ESP32",0
[0m
[0;32mI (36371) SIM_A7680C: ‚úÖ Response: OK[0m
[0;32mI (36371) SIM_A7680C: üì© Received Data:
AT+CMQTTACCQ=0,"ESP32",0
OK
[0m
[0;32mI (37263) SIM_A7680C: Begin read_uart_response[0m
[0;32mI (37263) SIM_A7680C: Begin send AT command: tcp://20.41.104.186:1883
[0m
[0;32mI (37264) SIM_A7680C: Send AT: AT+CMQTTCONNECT=0,"tcp://20.41.104.186:1883",60,1
[0m
[0;32mI (37620) SIM_A7680C: ‚úÖ Response: OK[0m
[0;32mI (37620) SIM_A7680C: üì© Received Data:
AT+CMQTTCONNECT=0,"tcp://20.41.104.186:1883",60,1
OK

+CMQTTCONNECT: 0,0
[0m
[0;32mI (38272) SIM_A7680C: Begin read_uart_response
[0m
[0;32mI (38272) SIM_A7680C: CONNECTED SUCESSFULLY[0m
[0;32mI (41272) SIM_A7680C: === MQTT CONNECT END ===[0m
[0;32mI (41272) SIM_A7680C: Begin send AT command: AT+CMQTTSUBTOPIC=0,16,1[0m
[0;32mI (41273) SIM_A7680C: Send AT: AT+CMQTTSUBTOPIC=0,16,1
[0m
[0;32mI (41686) SIM_A7680C: üì© Received Data:
AT+CMQTTSUBTOPIC=0,16,1
>[0m
[0;32mI (42279) SIM_A7680C: Begin read_uart_response[0m
[0;32mI (42279) SIM_A7680C: Begin send AT command: GPS/Setting/G001[0m
[0;32mI (42279) SIM_A7680C: Send AT: GPS/Setting/G002
[0m
[0;32mI (42389) SIM_A7680C: ‚úÖ Response: OK[0m
[0;32mI (42389) SIM_A7680C: üì© Received Data:

OK
[0m
[0;32mI (43285) SIM_A7680C: Begin read_uart_response[0m
[0;32mI (43285) SIM_A7680C: Begin send AT command: AT+CMQTTSUB=0[0m
[0;32mI (43285) SIM_A7680C: Send AT: AT+CMQTTSUB=0
[0m
[0;32mI (43395) SIM_A7680C: ‚úÖ Response: OK[0m
[0;32mI (43395) SIM_A7680C: üì© Received Data:
AT+CMQTTSUB=0
OK
[0m
[0;32mI (44290) SIM_A7680C: Begin read_uart_response[0m
Th·ªùi gian b√°o th·ª©c: 0001-01-01T21:43:00
Th·ªùi gian b√°o th·ª©c: 
[0;32mI (45291) SIM_A7680C: Send AT: AT+CCLK?
[0m
[0;32mI (45398) SIM_A7680C: ‚úÖ Response: OK[0m
[0;32mI (45398) SIM_A7680C: üì© Received Data:

+CMQTTSUB: 0,0

+CMQTTRXSTART: 0,16,193
+CMQTTRXTOPIC: 0,16
GPS/Setting/G002
+CMQTTRXPAYLOAD: 0,193
{"Longitude":106.781809,"Latitude":10.88458,"SafeRadius":100,"CurrentTime":"0001-01-01T00:00:00","AlarmTime":"0001-01-01T21:43:00","BlueTooth":"OFF","Emergency":true,"PhoneNumber":"0888927971"}
+CMQTTRXEND: 0
AT+CCLK?
+CCLK: "25/03/14,22:03:27+28"

OK
[0m
[0;32mI (46291) SIM_A7680C: Begin read_uart_response[0m
[0;32mI (49529) SIM_A7680C: üì© Received Data:
[0m
[0;32mI (53629) SIM_A7680C: üì© Received Data:
[0m
[0;32mI (57729) SIM_A7680C: üì© Received Data:
[0m
[0;32mI (61829) SIM_A7680C: üì© Received Data:
[0m
[0;32mI (65929) SIM_A7680C: üì© Received Data:
[0m
[0;32mI (70029) SIM_A7680C: üì© Received Data:
[0m
[0;32mI (74129) SIM_A7680C: üì© Received Data:
[0m
[0;32mI (76791) SIM_A7680C: Send AT: AT+CCLK?
[0m
[0;32mI (76898) SIM_A7680C: ‚úÖ Response: OK[0m
[0;32mI (76898) SIM_A7680C: üì© Received Data:
AT+CCLK?
+CCLK: "25/03/14,22:03:59+28"

OK
[0m
[0;32mI (77791) SIM_A7680C: Begin read_uart_response[0m
Th·ªùi gian b√°o th·ª©c: 
Th·ªùi gian hi·ªán t·∫°i: 22:03:59
Sleepppppppppppppppppppp
