ï¿½3) boot: Multicore bootloaderï¿½ets Jul 29 2019 12:21:46

rst:0x1 (POWERON_RESET),boot:0x13 (SPI_FAST_FLASH_BOOT)
configsip: 0, SPIWP:0xee
clk_drv:0x00,q_drv:0x00,d_drv:0x00,cs0_drv:0x00,hd_drv:0x00,wp_drv:0x00
mode:DIO, clock div:2
load:0x3fff0030,len:7116
ho 0 tail 12 room 4
load:0x40078000,len:15624
ho 0 tail 12 room 4
load:0x40080400,len:4
load:0x40080404,len:3876
entry 0x4008064c
[0;32mI (33) boot: ESP-IDF v5.1.5-dirty 2nd stage bootloader[0m
[0;32mI (33) boot: compile time Feb 27 2025 16:09:19[0m
[0;32mI (33) boot: Multicore bootloader[0m
[0;32mI (38) boot: chip revision: v3.1[0m
[0;32mI (42) boot.esp32: SPI Speed      : 40MHz[0m
[0;32mI (46) boot.esp32: SPI Mode       : DIO[0m
[0;32mI (51) boot.esp32: SPI Flash Size : 2MB[0m
[0;32mI (55) boot: Enabling RNG early entropy source...[0m
[0;32mI (61) boot: Partition Table:[0m
[0;32mI (64) boot: ## Label            Usage          Type ST Offset   Length[0m
[0;32mI (72) boot:  0 nvs              WiFi data        01 02 00009000 00006000[0m
[0;32mI (79) boot:  1 phy_init         RF data          01 01 0000f000 00001000[0m
[0;32mI (86) boot:  2 factory          factory app      00 00 00010000 00100000[0m
[0;32mI (94) boot: End of partition table[0m
[0;32mI (98) esp_image: segment 0: paddr=00010020 vaddr=3f400020 size=09d10h ( 40208) map[0m
[0;32mI (121) esp_image: segment 1: paddr=00019d38 vaddr=3ff80063 size=00008h (     8) load[0m
[0;32mI (121) esp_image: segment 2: paddr=00019d48 vaddr=3ffb0000 size=01f7ch (  8060) load[0m
[0;32mI (130) esp_image: segment 3: paddr=0001bccc vaddr=40080000 size=0434ch ( 17228) load[0m
[0;32mI (143) esp_image: segment 4: paddr=00020020 vaddr=400d0020 size=1f6e4h (128740) map[0m
[0;32mI (190) esp_image: segment 5: paddr=0003f70c vaddr=4008434c size=0a200h ( 41472) load[0m
[0;32mI (208) esp_image: segment 6: paddr=00049914 vaddr=400c0000 size=00064h (   100) load[0m
[0;32mI (208) esp_image: segment 7: paddr=00049980 vaddr=50000000 size=0000ch (    12) load[0m
[0;32mI (221) boot: Loaded app from partition at offset 0x10000[0m
[0;32mI (221) boot: Disabling RNG early entropy source...[0m
Enabling EXT1 wakeup on pins GPIO2, GPIO4
AT+CMQTTDISC=0,60
AT+CMQTTREL=0
AT+CMQTTSTOP
ï¿½Kï¿½ï¿½bootloader[0m
[0;32mI (38) boot: chip revision: v3.1[0m
[0;32mI (42) boot.esp32: SPI Speed      : 40MHz[0m
[0;32mI (46) boot.esp32: SPI Mode       : DIO[0m
[0;32mI (51) boot.esp32: SPI Flash Size : 2MB[0m
[0;32mI (55) boot: Enabling RNG early entropy source...[0m
[0;32mI (61) boot: Partition Table:[0m
[0;32mI (64) boot: ## Label            Usage          Type ST Offset   Length[0m
[0;32mI (72) boot:  0 nvs              WiFi data        01 02 00009000 00006000[0m
[0;32mI (79) boot:  1 phy_init         RF data          01 01 0000f000 00001000[0m
[0;32mI (86) boot:  2 factory          factory app      00 00 00010000 00100000[0m
[0;32mI (94) boot: End of partition table[0m
[0;32mI (98) esp_image: segment 0: paddr=00010020 vaddr=3f400020 size=09a80h ( 39552) map[0m
[0;32mI (121) esp_image: segment 1: paddr=00019aa8 vaddr=3ffb0000 size=02160h (  8544) load[0m
[0;32mI (125) esp_image: segment 2: paddr=0001bc10 vaddr=40080000 size=04408h ( 17416) load[0m
[0;32mI (134) esp_image: segment 3: paddr=00020020 vaddr=400d0020 size=14b48h ( 84808) map[0m
[0;32mI (166) esp_image: segment 4: paddr=00034b70 vaddr=40084408 size=07a74h ( 31348) load[0m
[0;32mI (185) boot: Loaded app from partition at offset 0x10000[0m
[0;32mI (185) boot: Disabling RNG early entropy source...[0m
[0;32mI (197) cpu_start: Multicore app[0m
[0;32mI (198) cpu_start: Pro cpu up.[0m
[0;32mI (198) cpu_start: Starting app cpu, entry point is 0x400810e8[0m
[0;32mI (0) cpu_start: App cpu up.[0m
[0;32mI (215) cpu_start: Pro cpu start user code[0m
[0;32mI (215) cpu_start: cpu freq: 160000000 Hz[0m
[0;32mI (215) cpu_start: Application information:[0m
[0;32mI (220) cpu_start: Project name:     blink[0m
[0;32mI (225) cpu_start: App version:      1[0m
[0;32mI (229) cpu_start: Compile time:     Feb 24 2025 09:24:32[0m
[0;32mI (235) cpu_start: ELF file SHA256:  932eb0cc...[0m
[0;32mI (240) cpu_start: ESP-IDF:          v5.1.5-dirty[0m
[0;32mI (246) cpu_start: Min chip rev:     v0.0[0m
[0;32mI (250) cpu_start: Max chip rev:     v3.99 [0m
[0;32mI (255) cpu_start: Chip rev:         v3.1[0m
[0;32mI (260) heap_init: Initializing. RAM available for dynamic allocation:[0m
[0;32mI (267) heap_init: At 3FFAE6E0 len 00001920 (6 KiB): DRAM[0m
[0;32mI (273) heap_init: At 3FFB29F0 len 0002D610 (181 KiB): DRAM[0m
[0;32mI (280) heap_init: At 3FFE0440 len 00003AE0 (14 KiB): D/IRAM[0m
[0;32mI (286) heap_init: At 3FFE4350 len 0001BCB0 (111 KiB): D/IRAM[0m
[0;32mI (292) heap_init: At 4008BE7C len 00014184 (80 KiB): IRAM[0m
[0;32mI (300) spi_flash: detected chip: generic[0m
[0;32mI (303) spi_flash: flash io: dio[0m
[0;33mW (307) spi_flash: Detected size(4096k) larger than the size in the binary image header(2048k). Using the size in the binary image header.[0m
[0;32mI (321) app_start: Starting scheduler on CPU0[0m
[0;32mI (325) app_start: Starting scheduler on CPU1[0m
[0;32mI (325) main_task: Started on CPU0[0m
[0;32mI (335) main_task: Calling app_main()[0m
[0;32mI (335) gpio: GPIO[12]| InputEn: 0| OutputEn: 0| OpenDrain: 0| Pullup: 1| Pulldown: 0| Intr:0 [0m
[0;32mI (345) gpio: GPIO[13]| InputEn: 0| OutputEn: 0| OpenDrain: 0| Pullup: 1| Pulldown: 0| Intr:0 [0m
[0;32mI (355) gpio: GPIO[18]| InputEn: 0| OutputEn: 0| OpenDrain: 0| Pullup: 1| Pulldown: 0| Intr:0 [0m
[0;32mI (365) gpio: GPIO[32]| InputEn: 0| OutputEn: 0| OpenDrain: 0| Pullup: 1| Pulldown: 0| Intr:0 [0m
[0;32mI (375) main_task: Returned from app_main()[0m
